/Users/Ahmed_1/IdeaProjects/TestProject/src/test/java/tests/junit/Assg3.java
/Users/Ahmed_1/IdeaProjects/TestProject/src/test/java/tests/junit/Assg6.java
/Users/Ahmed_1/IdeaProjects/TestProject/src/test/java/tests/junit/HW3.java
/Users/Ahmed_1/IdeaProjects/TestProject/src/test/java/tests/testng/Tests.java
/Users/Ahmed_1/IdeaProjects/TestProject/src/test/java/tests/junit/FormFillingExample.java
/Users/Ahmed_1/IdeaProjects/TestProject/src/test/java/tests/junit/SauceDemoLoginTests.java
/Users/Ahmed_1/IdeaProjects/TestProject/src/test/java/tests/testng/SoftAssertionsTests.java
/Users/Ahmed_1/IdeaProjects/TestProject/src/test/java/tests/junit/HW1.java
/Users/Ahmed_1/IdeaProjects/TestProject/src/test/java/tests/junit/test01.java
/Users/Ahmed_1/IdeaProjects/TestProject/src/test/java/tests/junit/FileUploadTest.java
/Users/Ahmed_1/IdeaProjects/TestProject/src/test/java/tests/junit/Assg1.java
/Users/Ahmed_1/IdeaProjects/TestProject/src/test/java/tests/testng/SoftAssertionsTestsBR.java
/Users/Ahmed_1/IdeaProjects/TestProject/src/test/java/tests/junit/SauceDemoItemsListTests.java
/Users/Ahmed_1/IdeaProjects/TestProject/src/test/java/tests/junit/Assg4.java
/Users/Ahmed_1/IdeaProjects/TestProject/src/test/java/tests/junit/SauceDemoTests.java
/Users/Ahmed_1/IdeaProjects/TestProject/src/test/java/tests/junit/TestClassStructured.java
/Users/Ahmed_1/IdeaProjects/TestProject/src/test/java/tests/junit/SauceDemoCartTests.java
/Users/Ahmed_1/IdeaProjects/TestProject/src/test/java/tests/testng/BasicGoogleTests.java
/Users/Ahmed_1/IdeaProjects/TestProject/src/test/java/tests/junit/Tests.java
/Users/Ahmed_1/IdeaProjects/TestProject/src/test/java/tests/junit/HW31.java
/Users/Ahmed_1/IdeaProjects/TestProject/src/test/java/tests/junit/TestClass.java
/Users/Ahmed_1/IdeaProjects/TestProject/src/test/java/tests/junit/Assg2.java
/Users/Ahmed_1/IdeaProjects/TestProject/src/test/java/tests/junit/HW2.java
/Users/Ahmed_1/IdeaProjects/TestProject/src/test/java/tests/junit/DropdownTests.java
/Users/Ahmed_1/IdeaProjects/TestProject/src/test/java/tests/junit/assg5.java
